// Jest Snapshot v1, https://goo.gl/fbAQLP

exports[`SnapshotFormModal renders normal 1`] = `
<Modal
  actions={Array []}
  appendTo={[Function]}
  aria-describedby=""
  aria-label=""
  aria-labelledby=""
  className=""
  hasNoBodyWrapper={false}
  header={
    <TextContent
      className="pf-v5-u-mb-md"
    >
      <Title
        headingLevel="h1"
        ouiaId="snapshot-modal-title"
        size="3xl"
      >
        Create snapshot
      </Title>
      <Text
        className="pf-v5-u-color-200 pf-v5-u-font-size-sm pf-v5-u-mt-sm"
        component="small"
        ouiaId="snapshot-modal-hosts-count"
      >
        1 host is selected for snapshot creation
      </Text>
    </TextContent>
  }
  id="foremanSnapshotMgmtSnapshotFormModal"
  isOpen={true}
  onClose={[Function]}
  onEscapePress={[Function]}
  ouiaId="snapshot-form-modal"
  ouiaSafe={true}
  position="default"
  showClose={true}
  title=""
  titleIconVariant={null}
  titleLabel=""
  variant="medium"
>
  <WrappedSnapshotForm
    fetchBulkParams={[Function]}
    host={
      Object {
        "id": 42,
        "name": "deep.thought",
      }
    }
    selectedHosts={Array []}
    setModalClosed={[Function]}
  />
</Modal>
`;
